// Jest Snapshot v1, https://goo.gl/fbAQLP

exports[`Notification component tests Notification default 1`] = `
<View
  style={
    Object {
      "backgroundColor": "#cfe4fa",
      "borderColor": "transparent",
      "borderRadius": 12,
      "flex": 1,
      "justifyContent": "space-between",
      "marginHorizontal": 16,
      "minHeight": 52,
      "shadowColor": "#000000",
      "shadowOffset": Object {
        "height": 0,
        "width": 0,
      },
      "shadowOpacity": 0.12,
      "shadowRadius": 1,
    }
  }
>
  <View
    onBlur={[Function]}
    onClick={[Function]}
    onFocus={[Function]}
    onPress={[Function]}
    onResponderGrant={[Function]}
    onResponderMove={[Function]}
    onResponderRelease={[Function]}
    onResponderTerminate={[Function]}
    onResponderTerminationRequest={[Function]}
    onStartShouldSetResponder={[Function]}
    style={
      Object {
        "backgroundColor": "#cfe4fa",
        "borderColor": "transparent",
        "borderRadius": 12,
        "borderWidth": 1,
        "flex": 1,
        "flexDirection": "row",
        "justifyContent": "space-between",
        "minHeight": 52,
        "padding": 16,
        "paddingVertical": 12,
        "shadowColor": "#000000",
        "shadowOffset": Object {
          "height": 8,
          "width": 0,
        },
        "shadowOpacity": 0.14,
        "shadowRadius": 8,
      }
    }
  >
    <View
      accessible={true}
      style={
        Object {
          "flex": 1,
          "flexDirection": "column",
          "justifyContent": "center",
        }
      }
    >
      <Text
        allowFontScaling={false}
        ellipsizeMode="tail"
        numberOfLines={0}
        style={
          Object {
            "alignSelf": "flex-start",
            "color": "#0f548c",
            "fontFamily": "System",
            "fontSize": 15,
            "fontWeight": "400",
            "letterSpacing": -0.23,
            "lineHeight": 20,
            "margin": 0,
          }
        }
      >
        Mail Archived
      </Text>
    </View>
    <View
      accessibilityLabel="Undo"
      accessibilityRole="button"
      accessible={true}
      appearance="subtle"
      collapsable={false}
      color="#0f548c"
      disabledColor="#2886de"
      enableFocusRing={true}
      focusable={true}
      minWidth={0}
      onAccessibilityTap={[Function]}
      onBlur={[Function]}
      onClick={[Function]}
      onFocus={[Function]}
      onLayout={[Function]}
      onResponderGrant={[Function]}
      onResponderMove={[Function]}
      onResponderRelease={[Function]}
      onResponderTerminate={[Function]}
      onResponderTerminationRequest={[Function]}
      onStartShouldSetResponder={[Function]}
      padding={0}
      paddingHorizontal={0}
      pressedColor={
        Object {
          "dynamic": Object {
            "dark": "#77B7F756",
            "highContrastDark": undefined,
            "highContrastLight": undefined,
            "light": "#0F6CBD30",
          },
        }
      }
      style={
        Object {
          "alignItems": "center",
          "alignSelf": "center",
          "backgroundColor": "transparent",
          "borderColor": "transparent",
          "borderRadius": 4,
          "borderWidth": 1,
          "display": "flex",
          "flexDirection": "row",
          "justifyContent": "center",
          "marginStart": 16,
          "minWidth": 0,
          "padding": 0,
          "paddingHorizontal": 0,
        }
      }
    >
      <Text
        accessible={false}
        ellipsizeMode="tail"
        numberOfLines={0}
        style={
          Object {
            "color": "#0f548c",
            "fontFamily": "System",
            "fontSize": 15,
            "fontWeight": "600",
            "letterSpacing": -0.23,
            "lineHeight": 20,
            "margin": 0,
            "marginBottom": 0,
            "marginEnd": 0,
            "marginStart": 0,
            "marginTop": 0,
          }
        }
      >
        Undo
      </Text>
    </View>
  </View>
</View>
`;
